// Jest Snapshot v1, https://goo.gl/fbAQLP

exports[`Button component renders correctly 1`] = `
.c0 {
  padding: 10px;
  border: none;
  background-color: #0070f3;
  color: white;
  cursor: pointer;
}

.c0:hover {
  background-color: #0055a4;
}

<button
  class="c0"
/>
`;

exports[`Image component renders correctly 1`] = `
.c0 {
  width: 100%;
  height: 150px;
  object-fit: cover;
}

@media (min-width: 768px) {
  .c0 {
    height: 200px;
  }
}

@media (min-width: 992px) {
  .c0 {
    height: 250px;
  }
}

<img
  class="c0"
/>
`;
